<html>
<body>
<pre>
<h1>µVision Build Log</h1>
<h2>Project:</h2>
C:\Users\Administrator\Desktop\smartcar\USER\test.uvproj
Project File Date:  03/12/2015

<h2>Output:</h2>
Build target 'Target 1'
compiling test.c...
linking...
Program Size: Code=5920 RO-data=336 RW-data=12 ZI-data=1836  
FromELF: creating hex file...
"..\OBJ\test.axf" - 0 Error(s), 0 Warning(s).
</pre>
</body>
</html>
\n",cmd_value,j-1,cmd_data[j-1],tempdata);
test.c: 1 warning, 0 errors
linking...
Program Size: Code=5876 RO-data=336 RW-data=12 ZI-data=1836  
FromELF: creating hex file...
"..\OBJ\test.axf" - 0 Error(s), 1 Warning(s).
