<html>
<body>
<pre>
<h1>µVision Build Log</h1>
<h2>Project:</h2>
C:\Users\jiapeng.feng\Desktop\smartcar\USER\test.uvproj
Project File Date:  03/12/2015

<h2>Output:</h2>
Build target 'Target 1'
compiling test.c...
linking...
Program Size: Code=6100 RO-data=336 RW-data=16 ZI-data=1832  
FromELF: creating hex file...
"..\OBJ\test.axf" - 0 Error(s), 0 Warning(s).
 key.c...
compiling motor.c...
linking...
Program Size: Code=6084 RO-data=336 RW-data=16 ZI-data=1832  
FromELF: creating hex file...
"..\OBJ\test.axf" - 0 Error(s), 0 Warning(s).
